 ob =  -0.3794
 x = 
  0.0000
  0.0000
  1.0000
  0.0000
  0.0000
  0.0000
  0.0000
  1.0000
  0.0000
  0.0000
  1.0000
  0.0000
  1.0000
  0.0000
  0.0000
