x(1) =  -0.0419
x(2) =  -0.0034
x(3) =   0.1173
x(4) =  -0.1126
x(5) =   0.0242
x(6) =  -0.1076
x(7) =   0.1987
x(8) =   0.1904
