info =    0
z =   0.0000 ob =   1.0000
 x = 
  0.2258
  0.2258
  0.2258
  0.2258
  0.2258
  0.2258
  0.2258
  0.2258
  0.2258
  0.3226
  0.3226
  0.3226
  0.3226
  0.3226
  0.3226
