info =    0
 ob =  -0.2192
 x = 
  0.2610
  0.0830
  0.3165
  0.2473
  0.0871
  0.2084
  0.0987
  0.7579
  0.1273
  0.3394
  0.4572
  0.0161
  0.3930
  0.0720
  0.3477
