x(1) =   1.0000
x(2) =   2.0000
x(3) =   3.0000
x(4) =   4.0000
x(5) =   5.0000
